MAP
  NAME "IBEWLegends"
  STATUS ON
  SIZE 400 300
  EXTENT -180 -90 180 90
  UNITS DD
  
  # Map output format for legends
  OUTPUTFORMAT
    NAME "png"
    DRIVER "AGG/PNG"
    MIMETYPE "image/png"
    IMAGEMODE RGBA
    EXTENSION "png"
    TRANSPARENT ON
  END
  
  # Web configuration for WMS legends
  WEB
    METADATA
      "wms_title" "IBEW Legend Service"
      "wms_srs" "EPSG:4326 EPSG:3857"
      "wms_enable_request" "*"
      "wms_onlineresource" "http://localhost/cgi-bin/mapserv?map=/etc/mapserver/mapfiles/ibew_legends.map"
    END
  END
  
  # Define projection
  PROJECTION
    "init=epsg:4326"
  END
  
  # Health Centers Affected Legend Layer
  LAYER
    NAME "healthtot"
    STATUS ON
    TYPE RASTER
    # This would point to a sample/template raster for legend generation
    # DATA "/etc/mapserver/data/raster/ibew/healthtot_sample.tif"
    
    PROJECTION
      "init=epsg:4326"
    END
    
    METADATA
      "wms_title" "Health Centers Affected"
      "wms_srs" "EPSG:4326 EPSG:3857"
    END
    
    # Define classes for legend visualization
    CLASS
      NAME "No Impact"
      EXPRESSION ([pixel] = 0)
      STYLE
        COLOR 255 255 255
        OPACITY 0
      END
    END
    
    CLASS
      NAME "Low Impact (1-5 centers)"
      EXPRESSION ([pixel] >= 1 AND [pixel] <= 5)
      STYLE
        COLOR 255 237 160
      END
    END
    
    CLASS
      NAME "Medium Impact (6-20 centers)"
      EXPRESSION ([pixel] >= 6 AND [pixel] <= 20)
      STYLE
        COLOR 254 178 76
      END
    END
    
    CLASS
      NAME "High Impact (21-50 centers)"
      EXPRESSION ([pixel] >= 21 AND [pixel] <= 50)
      STYLE
        COLOR 240 59 32
      END
    END
    
    CLASS
      NAME "Very High Impact (>50 centers)"
      EXPRESSION ([pixel] > 50)
      STYLE
        COLOR 189 0 38
      END
    END
  END
  
  # People Affected 100cm Legend Layer
  LAYER
    NAME "popaff100"
    STATUS ON
    TYPE RASTER
    
    PROJECTION
      "init=epsg:4326"
    END
    
    METADATA
      "wms_title" "People Affected (100cm)"
      "wms_srs" "EPSG:4326 EPSG:3857"
    END
    
    CLASS
      NAME "No Impact"
      EXPRESSION ([pixel] = 0)
      STYLE
        COLOR 255 255 255
        OPACITY 0
      END
    END
    
    CLASS
      NAME "Low (1-100 people)"
      EXPRESSION ([pixel] >= 1 AND [pixel] <= 100)
      STYLE
        COLOR 255 255 204
      END
    END
    
    CLASS
      NAME "Medium (101-1000 people)"
      EXPRESSION ([pixel] >= 101 AND [pixel] <= 1000)
      STYLE
        COLOR 161 218 180
      END
    END
    
    CLASS
      NAME "High (1001-5000 people)"
      EXPRESSION ([pixel] >= 1001 AND [pixel] <= 5000)
      STYLE
        COLOR 65 182 196
      END
    END
    
    CLASS
      NAME "Very High (>5000 people)"
      EXPRESSION ([pixel] > 5000)
      STYLE
        COLOR 34 94 168
      END
    END
  END
  
  # People Affected 25cm Legend Layer
  LAYER
    NAME "popaff25"
    STATUS ON
    TYPE RASTER
    
    PROJECTION
      "init=epsg:4326"
    END
    
    METADATA
      "wms_title" "People Affected (25cm)"
      "wms_srs" "EPSG:4326 EPSG:3857"
    END
    
    CLASS
      NAME "No Impact"
      EXPRESSION ([pixel] = 0)
      STYLE
        COLOR 255 255 255
        OPACITY 0
      END
    END
    
    CLASS
      NAME "Low (1-500 people)"
      EXPRESSION ([pixel] >= 1 AND [pixel] <= 500)
      STYLE
        COLOR 255 255 204
      END
    END
    
    CLASS
      NAME "Medium (501-2500 people)"
      EXPRESSION ([pixel] >= 501 AND [pixel] <= 2500)
      STYLE
        COLOR 161 218 180
      END
    END
    
    CLASS
      NAME "High (2501-10000 people)"
      EXPRESSION ([pixel] >= 2501 AND [pixel] <= 10000)
      STYLE
        COLOR 65 182 196
      END
    END
    
    CLASS
      NAME "Very High (>10000 people)"
      EXPRESSION ([pixel] > 10000)
      STYLE
        COLOR 34 94 168
      END
    END
  END
  
  # Total People Affected Legend Layer
  LAYER
    NAME "popafftot"
    STATUS ON
    TYPE RASTER
    
    PROJECTION
      "init=epsg:4326"
    END
    
    METADATA
      "wms_title" "Total People Affected"
      "wms_srs" "EPSG:4326 EPSG:3857"
    END
    
    CLASS
      NAME "No Impact"
      EXPRESSION ([pixel] = 0)
      STYLE
        COLOR 255 255 255
        OPACITY 0
      END
    END
    
    CLASS
      NAME "Low (1-1000 people)"
      EXPRESSION ([pixel] >= 1 AND [pixel] <= 1000)
      STYLE
        COLOR 255 255 204
      END
    END
    
    CLASS
      NAME "Medium (1001-5000 people)"
      EXPRESSION ([pixel] >= 1001 AND [pixel] <= 5000)
      STYLE
        COLOR 161 218 180
      END
    END
    
    CLASS
      NAME "High (5001-20000 people)"
      EXPRESSION ([pixel] >= 5001 AND [pixel] <= 20000)
      STYLE
        COLOR 65 182 196
      END
    END
    
    CLASS
      NAME "Very High (>20000 people)"
      EXPRESSION ([pixel] > 20000)
      STYLE
        COLOR 34 94 168
      END
    END
  END
  
  # Vulnerable Age Groups 100cm Legend Layer
  LAYER
    NAME "popage100"
    STATUS ON
    TYPE RASTER
    
    PROJECTION
      "init=epsg:4326"
    END
    
    METADATA
      "wms_title" "Vulnerable Age Groups (100cm)"
      "wms_srs" "EPSG:4326 EPSG:3857"
    END
    
    CLASS
      NAME "No Impact"
      EXPRESSION ([pixel] = 0)
      STYLE
        COLOR 255 255 255
        OPACITY 0
      END
    END
    
    CLASS
      NAME "Low (1-50 people)"
      EXPRESSION ([pixel] >= 1 AND [pixel] <= 50)
      STYLE
        COLOR 254 229 217
      END
    END
    
    CLASS
      NAME "Medium (51-200 people)"
      EXPRESSION ([pixel] >= 51 AND [pixel] <= 200)
      STYLE
        COLOR 252 174 145
      END
    END
    
    CLASS
      NAME "High (201-1000 people)"
      EXPRESSION ([pixel] >= 201 AND [pixel] <= 1000)
      STYLE
        COLOR 251 106 74
      END
    END
    
    CLASS
      NAME "Very High (>1000 people)"
      EXPRESSION ([pixel] > 1000)
      STYLE
        COLOR 203 24 29
      END
    END
  END
  
  # Vulnerable Age Groups 25cm Legend Layer
  LAYER
    NAME "popage25"
    STATUS ON
    TYPE RASTER
    
    PROJECTION
      "init=epsg:4326"
    END
    
    METADATA
      "wms_title" "Vulnerable Age Groups (25cm)"
      "wms_srs" "EPSG:4326 EPSG:3857"
    END
    
    CLASS
      NAME "No Impact"
      EXPRESSION ([pixel] = 0)
      STYLE
        COLOR 255 255 255
        OPACITY 0
      END
    END
    
    CLASS
      NAME "Low (1-100 people)"
      EXPRESSION ([pixel] >= 1 AND [pixel] <= 100)
      STYLE
        COLOR 254 229 217
      END
    END
    
    CLASS
      NAME "Medium (101-500 people)"
      EXPRESSION ([pixel] >= 101 AND [pixel] <= 500)
      STYLE
        COLOR 252 174 145
      END
    END
    
    CLASS
      NAME "High (501-2000 people)"
      EXPRESSION ([pixel] >= 501 AND [pixel] <= 2000)
      STYLE
        COLOR 251 106 74
      END
    END
    
    CLASS
      NAME "Very High (>2000 people)"
      EXPRESSION ([pixel] > 2000)
      STYLE
        COLOR 203 24 29
      END
    END
  END
  
  # Reduced Mobility 100cm Legend Layer
  LAYER
    NAME "popmob100"
    STATUS ON
    TYPE RASTER
    
    PROJECTION
      "init=epsg:4326"
    END
    
    METADATA
      "wms_title" "Reduced Mobility (100cm)"
      "wms_srs" "EPSG:4326 EPSG:3857"
    END
    
    CLASS
      NAME "No Impact"
      EXPRESSION ([pixel] = 0)
      STYLE
        COLOR 255 255 255
        OPACITY 0
      END
    END
    
    CLASS
      NAME "Low (1-25 people)"
      EXPRESSION ([pixel] >= 1 AND [pixel] <= 25)
      STYLE
        COLOR 255 247 236
      END
    END
    
    CLASS
      NAME "Medium (26-100 people)"
      EXPRESSION ([pixel] >= 26 AND [pixel] <= 100)
      STYLE
        COLOR 254 196 79
      END
    END
    
    CLASS
      NAME "High (101-500 people)"
      EXPRESSION ([pixel] >= 101 AND [pixel] <= 500)
      STYLE
        COLOR 217 95 14
      END
    END
    
    CLASS
      NAME "Very High (>500 people)"
      EXPRESSION ([pixel] > 500)
      STYLE
        COLOR 153 52 4
      END
    END
  END
  
  # Reduced Mobility 25cm Legend Layer
  LAYER
    NAME "popmob25"
    STATUS ON
    TYPE RASTER
    
    PROJECTION
      "init=epsg:4326"
    END
    
    METADATA
      "wms_title" "Reduced Mobility (25cm)"
      "wms_srs" "EPSG:4326 EPSG:3857"
    END
    
    CLASS
      NAME "No Impact"
      EXPRESSION ([pixel] = 0)
      STYLE
        COLOR 255 255 255
        OPACITY 0
      END
    END
    
    CLASS
      NAME "Low (1-50 people)"
      EXPRESSION ([pixel] >= 1 AND [pixel] <= 50)
      STYLE
        COLOR 255 247 236
      END
    END
    
    CLASS
      NAME "Medium (51-200 people)"
      EXPRESSION ([pixel] >= 51 AND [pixel] <= 200)
      STYLE
        COLOR 254 196 79
      END
    END
    
    CLASS
      NAME "High (201-1000 people)"
      EXPRESSION ([pixel] >= 201 AND [pixel] <= 1000)
      STYLE
        COLOR 217 95 14
      END
    END
    
    CLASS
      NAME "Very High (>1000 people)"
      EXPRESSION ([pixel] > 1000)
      STYLE
        COLOR 153 52 4
      END
    END
  END
  
END